Running as unit: run-u120639.service; invocation ID: 51711b1112ec492c8d4e687847944408
cannot clone: Operation not permitted
cannot clone: Operation not permitted
cannot clone: Operation not permitted
cannot clone: Operation not permitted
cannot clone: Operation not permitted
cannot clone: Operation not permitted
cannot clone: Operation not permitted
cannot clone: Operation not permitted
cannot clone: Operation not permitted
cannot clone: Operation not permitted
cannot clone: Operation not permitted
cannot clone: Operation not permitted
cannot clone: Operation not permitted
cannot clone: Operation not permitted
cannot clone: Operation not permitted
cannot clone: Operation not permitted
cannot clone: Operation not permitted
cannot clone: Operation not permitted
cannot clone: Operation not permitted
cannot clone: Operation not permitted
cannot clone: Operation not permitted
cannot clone: Operation not permitted
cannot clone: Operation not permitted
time="2026-09-06T00:02:42-03:00" level=error msg="invalid internal status, try resetting the pause process with \"/usr/bin/podman system migrate\": cannot re-exec process"
Finished with result: exit-code
Main processes terminated with: code=exited/status=1
Service runtime: 69ms
CPU time consumed: 75ms
Memory peak: 512.0K
Memory swap peak: 0B
