Running as unit: run-u120638.service; invocation ID: d5c899c1e8754e69ab2d1209efcc8181
cannot clone: Operation not permitted
cannot clone: Operation not permitted
cannot clone: Operation not permitted
cannot clone: Operation not permitted
cannot clone: Operation not permitted
cannot clone: Operation not permitted
cannot clone: Operation not permitted
cannot clone: Operation not permitted
cannot clone: Operation not permitted
cannot clone: Operation not permitted
cannot clone: Operation not permitted
cannot clone: Operation not permitted
cannot clone: Operation not permitted
cannot clone: Operation not permitted
cannot clone: Operation not permitted
cannot clone: Operation not permitted
cannot clone: Operation not permitted
cannot clone: Operation not permitted
cannot clone: Operation not permitted
cannot clone: Operation not permitted
cannot clone: Operation not permitted
cannot clone: Operation not permitted
cannot clone: Operation not permitted
time="2026-09-06T00:02:41-03:00" level=error msg="invalid internal status, try resetting the pause process with \"/usr/bin/podman system migrate\": cannot re-exec process"
Finished with result: exit-code
Main processes terminated with: code=exited/status=1
Service runtime: 96ms
CPU time consumed: 77ms
Memory peak: 256.0K
Memory swap peak: 0B
