Sep 06 06:14:54 atius-srv-4.atius.internal xrdp[79282]: [INFO ] Socket 12: AF_INET6 connection received from ::ffff:10.100.100.1 port 8528
Sep 06 06:14:54 atius-srv-4.atius.internal xrdp[993720]: [ERROR] Cannot read certificate file /etc/xrdp/atius-rdp/server.crt.pem: No such file or directory
Sep 06 06:14:54 atius-srv-4.atius.internal xrdp[993720]: [ERROR] Cannot read private key file /etc/xrdp/atius-rdp/server.key.pem: No such file or directory
Sep 06 06:14:54 atius-srv-4.atius.internal xrdp[993720]: [WARN ] Cannot accept TLS connections because certificate or private key file is not readable. certificate file: [/etc/xrdp/atius-rdp/server.crt.pem], private key file: [/etc/xrdp/atius-rdp/server.key.pem]
Sep 06 06:14:54 atius-srv-4.atius.internal xrdp[993720]: [INFO ] Security protocol: configured [RDP], requested [SSL|HYBRID|RDP], selected [RDP]
Sep 06 06:14:54 atius-srv-4.atius.internal xrdp[993720]: [INFO ] Connected client computer name: atius-srv-1
Sep 06 06:14:54 atius-srv-4.atius.internal xrdp[993720]: [WARN ] Received [MS-RDPBCGR] TS_UD_HEADER type 0xc006 is unknown (ignored)
Sep 06 06:14:54 atius-srv-4.atius.internal xrdp[993720]: [WARN ] Received [MS-RDPBCGR] TS_UD_HEADER type 0xc00a is unknown (ignored)
Sep 06 06:14:54 atius-srv-4.atius.internal xrdp[993720]: [INFO ] xrdp_load_keyboard_layout: Keyboard information sent by the RDP client, keyboard_type:[0x04], keyboard_subtype:[0x00], keylayout:[0x00000409]
Sep 06 06:14:54 atius-srv-4.atius.internal xrdp[993720]: [INFO ] overrode keyboard_type 0x04 with 0x04
Sep 06 06:14:54 atius-srv-4.atius.internal xrdp[993720]: [INFO ] overrode keyboard_subtype 0x00 with 0x00
Sep 06 06:14:54 atius-srv-4.atius.internal xrdp[993720]: [INFO ] overrode keylayout 0x00000409 with 0x00000416
Sep 06 06:14:54 atius-srv-4.atius.internal xrdp[993720]: [INFO ] xrdp_load_keyboard_layout: model [] variant [] layout [br(abnt2)] options []
Sep 06 06:14:54 atius-srv-4.atius.internal xrdp[993720]: [INFO ] Non-TLS connection established from ::ffff:10.100.100.1 port 8528: with security level : high
Sep 06 06:14:55 atius-srv-4.atius.internal xrdp[993720]: [INFO ] xrdp_caps_process_pointer: client supports new(color) cursor
Sep 06 06:14:55 atius-srv-4.atius.internal xrdp[993720]: [INFO ] xrdp_caps_process_codecs: RemoteFX, codec id 3, properties len 49
Sep 06 06:14:55 atius-srv-4.atius.internal xrdp[993720]: [INFO ] Loading keymap file /etc/xrdp/km-00000416.ini
Sep 06 06:14:55 atius-srv-4.atius.internal xrdp[993720]: [WARN ] local keymap file for 0x00000416 found and doesn't match built in keymap, using local keymap file
Sep 06 06:14:55 atius-srv-4.atius.internal xrdp[993720]: [INFO ] connecting to sesman on 127.0.0.1:3350
Sep 06 06:14:55 atius-srv-4.atius.internal xrdp-sesman[79270]: [INFO ] Socket 12: AF_INET6 connection received from ::1 port 39910
Sep 06 06:14:55 atius-srv-4.atius.internal xrdp[993720]: [INFO ] xrdp_wm_log_msg: sesman connect ok
Sep 06 06:14:55 atius-srv-4.atius.internal xrdp[993720]: [INFO ] sesman connect ok
Sep 06 06:14:55 atius-srv-4.atius.internal xrdp[993720]: [INFO ] sending login info to session manager. Please wait...
Sep 06 06:14:55 atius-srv-4.atius.internal xrdp[993720]: [ERROR] xrdp_iso_send: trans_write_copy_s failed
Sep 06 06:14:55 atius-srv-4.atius.internal xrdp[993720]: [ERROR] Sending [ITU T.125] DisconnectProviderUltimatum failed
Sep 06 06:14:55 atius-srv-4.atius.internal xrdp-sesman[79270]: [INFO ] Terminal Server Users group is disabled, allowing authentication
Sep 06 06:14:55 atius-srv-4.atius.internal xrdp-sesman[79270]: [INFO ] ++ created session (access granted): username ubuntu, ip ::ffff:10.100.100.1:8528 - socket: 12
Sep 06 06:14:55 atius-srv-4.atius.internal xrdp-sesman[79270]: [INFO ] starting Xvnc session...
Sep 06 06:14:55 atius-srv-4.atius.internal xrdp-sesman[79270]: [INFO ] Starting session: session_pid 993740, display :1.0, width 1024, height 768, bpp 32, client ip ::ffff:10.100.100.1:8528 - socket: 12, user name ubuntu
Sep 06 06:14:55 atius-srv-4.atius.internal xrdp-sesman[993740]: [INFO ] [session start] (display 1): calling auth_start_session from pid 993740
Sep 06 06:14:55 atius-srv-4.atius.internal xrdp-sesman[79270]: [ERROR] sesman_data_in: scp_process_msg failed
Sep 06 06:14:55 atius-srv-4.atius.internal xrdp-sesman[993740]: pam_unix(xrdp-sesman:session): session opened for user ubuntu(uid=1001) by (uid=0)
Sep 06 06:14:55 atius-srv-4.atius.internal xrdp-sesman[79270]: [ERROR] sesman_main_loop: trans_check_wait_objs failed, removing trans
Sep 06 06:14:55 atius-srv-4.atius.internal xrdp[79282]: [INFO ] Socket 12: AF_INET6 connection received from ::ffff:10.100.100.1 port 8542
Sep 06 06:14:55 atius-srv-4.atius.internal xrdp[993764]: [ERROR] Cannot read certificate file /etc/xrdp/atius-rdp/server.crt.pem: No such file or directory
Sep 06 06:14:55 atius-srv-4.atius.internal xrdp[993764]: [ERROR] Cannot read private key file /etc/xrdp/atius-rdp/server.key.pem: No such file or directory
Sep 06 06:14:55 atius-srv-4.atius.internal xrdp[993764]: [WARN ] Cannot accept TLS connections because certificate or private key file is not readable. certificate file: [/etc/xrdp/atius-rdp/server.crt.pem], private key file: [/etc/xrdp/atius-rdp/server.key.pem]
Sep 06 06:14:55 atius-srv-4.atius.internal xrdp[993764]: [INFO ] Security protocol: configured [RDP], requested [SSL|HYBRID|RDP], selected [RDP]
Sep 06 06:14:55 atius-srv-4.atius.internal xrdp[993764]: [INFO ] Connected client computer name: atius-srv-1
Sep 06 06:14:55 atius-srv-4.atius.internal xrdp[993764]: [WARN ] Received [MS-RDPBCGR] TS_UD_HEADER type 0xc006 is unknown (ignored)
Sep 06 06:14:55 atius-srv-4.atius.internal xrdp[993764]: [WARN ] Received [MS-RDPBCGR] TS_UD_HEADER type 0xc00a is unknown (ignored)
Sep 06 06:14:56 atius-srv-4.atius.internal xrdp[993764]: [INFO ] xrdp_load_keyboard_layout: Keyboard information sent by the RDP client, keyboard_type:[0x04], keyboard_subtype:[0x00], keylayout:[0x00000409]
Sep 06 06:14:56 atius-srv-4.atius.internal xrdp[993764]: [INFO ] overrode keyboard_type 0x04 with 0x04
Sep 06 06:14:56 atius-srv-4.atius.internal xrdp[993764]: [INFO ] overrode keyboard_subtype 0x00 with 0x00
Sep 06 06:14:56 atius-srv-4.atius.internal xrdp[993764]: [INFO ] overrode keylayout 0x00000409 with 0x00000416
Sep 06 06:14:56 atius-srv-4.atius.internal xrdp[993764]: [INFO ] xrdp_load_keyboard_layout: model [] variant [] layout [br(abnt2)] options []
Sep 06 06:14:56 atius-srv-4.atius.internal xrdp[993764]: [INFO ] Non-TLS connection established from ::ffff:10.100.100.1 port 8542: with security level : high
Sep 06 06:14:56 atius-srv-4.atius.internal xrdp-sesman[993740]: [INFO ] Found X server running at /tmp/.X11-unix/X1
Sep 06 06:14:56 atius-srv-4.atius.internal xrdp-sesman[993740]: [INFO ] Session started successfully for user ubuntu on display 1
Sep 06 06:14:56 atius-srv-4.atius.internal xrdp-sesman[993740]: [INFO ] Session in progress on display 1, waiting until the window manager (pid 993741) exits to end the session
Sep 06 06:14:56 atius-srv-4.atius.internal xrdp[993764]: [INFO ] xrdp_caps_process_pointer: client supports new(color) cursor
Sep 06 06:14:56 atius-srv-4.atius.internal xrdp[993764]: [WARN ] Dynamic Virtual Channel named 'drdynvc' not found, channel not initialized
Sep 06 06:14:56 atius-srv-4.atius.internal xrdp[993764]: [INFO ] Loading keymap file /etc/xrdp/km-00000416.ini
Sep 06 06:14:56 atius-srv-4.atius.internal xrdp[993764]: [WARN ] local keymap file for 0x00000416 found and doesn't match built in keymap, using local keymap file
Sep 06 06:14:56 atius-srv-4.atius.internal xrdp[993764]: [INFO ] connecting to sesman on 127.0.0.1:3350
Sep 06 06:14:56 atius-srv-4.atius.internal xrdp-sesman[79270]: [INFO ] Socket 12: AF_INET6 connection received from ::1 port 39914
Sep 06 06:14:56 atius-srv-4.atius.internal xrdp[993764]: [INFO ] xrdp_wm_log_msg: sesman connect ok
Sep 06 06:14:56 atius-srv-4.atius.internal xrdp[993764]: [INFO ] sesman connect ok
Sep 06 06:14:56 atius-srv-4.atius.internal xrdp[993764]: [INFO ] sending login info to session manager. Please wait...
Sep 06 06:14:57 atius-srv-4.atius.internal xrdp-sesman[79270]: [INFO ] Terminal Server Users group is disabled, allowing authentication
Sep 06 06:14:57 atius-srv-4.atius.internal xrdp-sesman[79270]: [INFO ] ++ created session (access granted): username ubuntu, ip ::ffff:10.100.100.1:8542 - socket: 12
Sep 06 06:14:57 atius-srv-4.atius.internal xrdp-sesman[79270]: [INFO ] starting Xvnc session...
Sep 06 06:14:57 atius-srv-4.atius.internal xrdp-sesman[79270]: [ERROR] max concurrent session limit exceeded. login for user ubuntu denied
Sep 06 06:14:57 atius-srv-4.atius.internal xrdp-sesman[79270]: [ERROR] sesman_data_in: scp_process_msg failed
Sep 06 06:14:57 atius-srv-4.atius.internal xrdp[993764]: [INFO ] xrdp_wm_log_msg: login failed for user ubuntu
Sep 06 06:14:57 atius-srv-4.atius.internal xrdp-sesman[79270]: [ERROR] sesman_main_loop: trans_check_wait_objs failed, removing trans
Sep 06 06:14:57 atius-srv-4.atius.internal xrdp[993764]: [INFO ] login failed for user ubuntu
Sep 06 06:16:25 atius-srv-4.atius.internal xrdp[993764]: [ERROR] xrdp_iso_send: trans_write_copy_s failed
Sep 06 06:16:25 atius-srv-4.atius.internal xrdp[993764]: [ERROR] Sending [ITU T.125] DisconnectProviderUltimatum failed
